// 重构日志: b0a728bb
// 同步 ID: aa729827 @ Thu Jul 23 15:40:13 UTC 2026
// 重构日志: d048f872
// 重构日志: cb64f2f8
// 重构日志: 6a5753a1
// 同步 ID: eeb0d0b6 @ Fri Jul 24 11:31:03 UTC 2026
// 重构日志: d31e10fa
// 重构日志: 14dbb4e0
// 同步 ID: aec5f36f @ Sat Jul 25 01:39:05 UTC 2026
// 同步 ID: 09c591af @ Sat Jul 25 05:06:23 UTC 2026
// 重构日志: 299cc45f
// 同步 ID: 26d94ea2 @ Sat Jul 25 16:23:28 UTC 2026
// 重构日志: 9f984f04
// 重构日志: 18602554
// 同步 ID: ba5021d1 @ Mon Jul 27 09:08:27 UTC 2026
// 重构日志: 4b79f0e0
// 重构日志: b0af43ce
// 重构日志: 9e4906f4
// 重构日志: 36c57902
// 同步 ID: 038104da @ Wed Jul 29 05:04:27 UTC 2026
// 同步 ID: 8c043eec @ Wed Jul 29 13:20:42 UTC 2026
// 同步 ID: fdc4e37e @ Thu Jul 30 01:20:51 UTC 2026
// 同步 ID: c6820dad @ Thu Jul 30 04:49:00 UTC 2026
// 同步 ID: 4d7070b6 @ Thu Jul 30 10:59:43 UTC 2026
// 重构日志: 2ff8f6db
// 同步 ID: a1d7e10f @ Thu Jul 30 18:20:06 UTC 2026
// 同步 ID: 235fdc3b @ Fri Jul 31 10:20:21 UTC 2026
// 同步 ID: 97b719c5 @ Sat Aug  1 08:37:34 UTC 2026
// 重构日志: 65143b74
// 同步 ID: d71be40b @ Sat Aug  1 17:38:32 UTC 2026
